Traceback (most recent call last):
  File "C:\Users\knajmajer\AppData\Local\anaconda3\envs\jbook\Lib\site-packages\jupyter_cache\executors\utils.py", line 58, in single_nb_execution
    executenb(
  File "C:\Users\knajmajer\AppData\Local\anaconda3\envs\jbook\Lib\site-packages\nbclient\client.py", line 1305, in execute
    return NotebookClient(nb=nb, resources=resources, km=km, **kwargs).execute()
           ^^^^^^^^^^^^^^^^^^^^^^^^^^^^^^^^^^^^^^^^^^^^^^^^^^^^^^^^^^^^^^^^^^^^^
  File "C:\Users\knajmajer\AppData\Local\anaconda3\envs\jbook\Lib\site-packages\jupyter_core\utils\__init__.py", line 165, in wrapped
    return loop.run_until_complete(inner)
           ^^^^^^^^^^^^^^^^^^^^^^^^^^^^^^
  File "C:\Users\knajmajer\AppData\Local\anaconda3\envs\jbook\Lib\asyncio\base_events.py", line 687, in run_until_complete
    return future.result()
           ^^^^^^^^^^^^^^^
  File "C:\Users\knajmajer\AppData\Local\anaconda3\envs\jbook\Lib\site-packages\nbclient\client.py", line 705, in async_execute
    await self.async_execute_cell(
  File "C:\Users\knajmajer\AppData\Local\anaconda3\envs\jbook\Lib\site-packages\nbclient\client.py", line 1058, in async_execute_cell
    await self._check_raise_for_error(cell, cell_index, exec_reply)
  File "C:\Users\knajmajer\AppData\Local\anaconda3\envs\jbook\Lib\site-packages\nbclient\client.py", line 914, in _check_raise_for_error
    raise CellExecutionError.from_cell_and_msg(cell, exec_reply_content)
nbclient.exceptions.CellExecutionError: An error occurred while executing the following cell:
------------------
# lemmatization using SpaCy in english
nlp_en = spacy.load("en_core_web_sm")

text = "Dogs are barking loudly in the distance."
doc = nlp_en(text)

print(f"Input: {text}")
print(f"Output: {" ".join([token.lemma_ for token in doc])}")
------------------


[1;31m---------------------------------------------------------------------------[0m
[1;31mOSError[0m                                   Traceback (most recent call last)
Cell [1;32mIn[12], line 2[0m
[0;32m      1[0m [38;5;66;03m# lemmatization using SpaCy in english[39;00m
[1;32m----> 2[0m nlp_en [38;5;241m=[39m spacy[38;5;241m.[39mload([38;5;124m"[39m[38;5;124men_core_web_sm[39m[38;5;124m"[39m)
[0;32m      4[0m text [38;5;241m=[39m [38;5;124m"[39m[38;5;124mDogs are barking loudly in the distance.[39m[38;5;124m"[39m
[0;32m      5[0m doc [38;5;241m=[39m nlp_en(text)

File [1;32m~\AppData\Local\anaconda3\envs\jbook\Lib\site-packages\spacy\__init__.py:51[0m, in [0;36mload[1;34m(name, vocab, disable, enable, exclude, config)[0m
[0;32m     27[0m [38;5;28;01mdef[39;00m [38;5;21mload[39m(
[0;32m     28[0m     name: Union[[38;5;28mstr[39m, Path],
[0;32m     29[0m     [38;5;241m*[39m,
[1;32m   (...)[0m
[0;32m     34[0m     config: Union[Dict[[38;5;28mstr[39m, Any], Config] [38;5;241m=[39m util[38;5;241m.[39mSimpleFrozenDict(),
[0;32m     35[0m ) [38;5;241m-[39m[38;5;241m>[39m Language:
[0;32m     36[0m [38;5;250m    [39m[38;5;124;03m"""Load a spaCy model from an installed package or a local path.[39;00m
[0;32m     37[0m 
[0;32m     38[0m [38;5;124;03m    name (str): Package name or model path.[39;00m
[1;32m   (...)[0m
[0;32m     49[0m [38;5;124;03m    RETURNS (Language): The loaded nlp object.[39;00m
[0;32m     50[0m [38;5;124;03m    """[39;00m
[1;32m---> 51[0m     [38;5;28;01mreturn[39;00m util[38;5;241m.[39mload_model(
[0;32m     52[0m         name,
[0;32m     53[0m         vocab[38;5;241m=[39mvocab,
[0;32m     54[0m         disable[38;5;241m=[39mdisable,
[0;32m     55[0m         enable[38;5;241m=[39menable,
[0;32m     56[0m         exclude[38;5;241m=[39mexclude,
[0;32m     57[0m         config[38;5;241m=[39mconfig,
[0;32m     58[0m     )

File [1;32m~\AppData\Local\anaconda3\envs\jbook\Lib\site-packages\spacy\util.py:472[0m, in [0;36mload_model[1;34m(name, vocab, disable, enable, exclude, config)[0m
[0;32m    470[0m [38;5;28;01mif[39;00m name [38;5;129;01min[39;00m OLD_MODEL_SHORTCUTS:
[0;32m    471[0m     [38;5;28;01mraise[39;00m [38;5;167;01mIOError[39;00m(Errors[38;5;241m.[39mE941[38;5;241m.[39mformat(name[38;5;241m=[39mname, full[38;5;241m=[39mOLD_MODEL_SHORTCUTS[name]))  [38;5;66;03m# type: ignore[index][39;00m
[1;32m--> 472[0m [38;5;28;01mraise[39;00m [38;5;167;01mIOError[39;00m(Errors[38;5;241m.[39mE050[38;5;241m.[39mformat(name[38;5;241m=[39mname))

[1;31mOSError[0m: [E050] Can't find model 'en_core_web_sm'. It doesn't seem to be a Python package or a valid path to a data directory.

