Traceback (most recent call last):
  File "C:\Users\knajmajer\AppData\Local\anaconda3\envs\jbook\Lib\site-packages\jupyter_cache\executors\utils.py", line 58, in single_nb_execution
    executenb(
  File "C:\Users\knajmajer\AppData\Local\anaconda3\envs\jbook\Lib\site-packages\nbclient\client.py", line 1305, in execute
    return NotebookClient(nb=nb, resources=resources, km=km, **kwargs).execute()
           ^^^^^^^^^^^^^^^^^^^^^^^^^^^^^^^^^^^^^^^^^^^^^^^^^^^^^^^^^^^^^^^^^^^^^
  File "C:\Users\knajmajer\AppData\Local\anaconda3\envs\jbook\Lib\site-packages\jupyter_core\utils\__init__.py", line 165, in wrapped
    return loop.run_until_complete(inner)
           ^^^^^^^^^^^^^^^^^^^^^^^^^^^^^^
  File "C:\Users\knajmajer\AppData\Local\anaconda3\envs\jbook\Lib\asyncio\base_events.py", line 687, in run_until_complete
    return future.result()
           ^^^^^^^^^^^^^^^
  File "C:\Users\knajmajer\AppData\Local\anaconda3\envs\jbook\Lib\site-packages\nbclient\client.py", line 705, in async_execute
    await self.async_execute_cell(
  File "C:\Users\knajmajer\AppData\Local\anaconda3\envs\jbook\Lib\site-packages\nbclient\client.py", line 1058, in async_execute_cell
    await self._check_raise_for_error(cell, cell_index, exec_reply)
  File "C:\Users\knajmajer\AppData\Local\anaconda3\envs\jbook\Lib\site-packages\nbclient\client.py", line 914, in _check_raise_for_error
    raise CellExecutionError.from_cell_and_msg(cell, exec_reply_content)
nbclient.exceptions.CellExecutionError: An error occurred while executing the following cell:
------------------
# Data processing
import numpy as np
import pandas as pd

# Wizualizacja
from matplotlib import pyplot as plt
import seaborn as sns

# ML
from sklearn.model_selection import train_test_split
from sklearn.tree import DecisionTreeRegressor, plot_tree, export_text
from sklearn.ensemble import RandomForestRegressor
from sklearn.preprocessing import PolynomialFeatures
from sklearn.linear_model import LinearRegression
from sklearn.metrics import mean_absolute_error, r2_score
import lightgbm
import xgboost
------------------


[1;31m---------------------------------------------------------------------------[0m
[1;31mImportError[0m                               Traceback (most recent call last)
Cell [1;32mIn[1], line 6[0m
[0;32m      3[0m [38;5;28;01mimport[39;00m [38;5;21;01mpandas[39;00m [38;5;28;01mas[39;00m [38;5;21;01mpd[39;00m
[0;32m      5[0m [38;5;66;03m# Wizualizacja[39;00m
[1;32m----> 6[0m [38;5;28;01mfrom[39;00m [38;5;21;01mmatplotlib[39;00m [38;5;28;01mimport[39;00m pyplot [38;5;28;01mas[39;00m plt
[0;32m      7[0m [38;5;28;01mimport[39;00m [38;5;21;01mseaborn[39;00m [38;5;28;01mas[39;00m [38;5;21;01msns[39;00m
[0;32m      9[0m [38;5;66;03m# ML[39;00m

File [1;32m~\AppData\Local\anaconda3\envs\jbook\Lib\site-packages\matplotlib\__init__.py:159[0m
[0;32m    155[0m [38;5;28;01mfrom[39;00m [38;5;21;01mpackaging[39;00m[38;5;21;01m.[39;00m[38;5;21;01mversion[39;00m [38;5;28;01mimport[39;00m parse [38;5;28;01mas[39;00m parse_version
[0;32m    157[0m [38;5;66;03m# cbook must import matplotlib only within function[39;00m
[0;32m    158[0m [38;5;66;03m# definitions, so it is safe to import from it here.[39;00m
[1;32m--> 159[0m [38;5;28;01mfrom[39;00m [38;5;21;01m.[39;00m [38;5;28;01mimport[39;00m _api, _version, cbook, _docstring, rcsetup
[0;32m    160[0m [38;5;28;01mfrom[39;00m [38;5;21;01mmatplotlib[39;00m[38;5;21;01m.[39;00m[38;5;21;01mcbook[39;00m [38;5;28;01mimport[39;00m sanitize_sequence
[0;32m    161[0m [38;5;28;01mfrom[39;00m [38;5;21;01mmatplotlib[39;00m[38;5;21;01m.[39;00m[38;5;21;01m_api[39;00m [38;5;28;01mimport[39;00m MatplotlibDeprecationWarning

File [1;32m~\AppData\Local\anaconda3\envs\jbook\Lib\site-packages\matplotlib\rcsetup.py:28[0m
[0;32m     26[0m [38;5;28;01mfrom[39;00m [38;5;21;01mmatplotlib[39;00m[38;5;21;01m.[39;00m[38;5;21;01mbackends[39;00m [38;5;28;01mimport[39;00m BackendFilter, backend_registry
[0;32m     27[0m [38;5;28;01mfrom[39;00m [38;5;21;01mmatplotlib[39;00m[38;5;21;01m.[39;00m[38;5;21;01mcbook[39;00m [38;5;28;01mimport[39;00m ls_mapper
[1;32m---> 28[0m [38;5;28;01mfrom[39;00m [38;5;21;01mmatplotlib[39;00m[38;5;21;01m.[39;00m[38;5;21;01mcolors[39;00m [38;5;28;01mimport[39;00m Colormap, is_color_like
[0;32m     29[0m [38;5;28;01mfrom[39;00m [38;5;21;01mmatplotlib[39;00m[38;5;21;01m.[39;00m[38;5;21;01m_fontconfig_pattern[39;00m [38;5;28;01mimport[39;00m parse_fontconfig_pattern
[0;32m     30[0m [38;5;28;01mfrom[39;00m [38;5;21;01mmatplotlib[39;00m[38;5;21;01m.[39;00m[38;5;21;01m_enums[39;00m [38;5;28;01mimport[39;00m JoinStyle, CapStyle

File [1;32m~\AppData\Local\anaconda3\envs\jbook\Lib\site-packages\matplotlib\colors.py:52[0m
[0;32m     49[0m [38;5;28;01mfrom[39;00m [38;5;21;01mnumbers[39;00m [38;5;28;01mimport[39;00m Real
[0;32m     50[0m [38;5;28;01mimport[39;00m [38;5;21;01mre[39;00m
[1;32m---> 52[0m [38;5;28;01mfrom[39;00m [38;5;21;01mPIL[39;00m [38;5;28;01mimport[39;00m Image
[0;32m     53[0m [38;5;28;01mfrom[39;00m [38;5;21;01mPIL[39;00m[38;5;21;01m.[39;00m[38;5;21;01mPngImagePlugin[39;00m [38;5;28;01mimport[39;00m PngInfo
[0;32m     55[0m [38;5;28;01mimport[39;00m [38;5;21;01mmatplotlib[39;00m [38;5;28;01mas[39;00m [38;5;21;01mmpl[39;00m

File [1;32m~\AppData\Roaming\Python\Python312\site-packages\PIL\Image.py:97[0m
[0;32m     88[0m MAX_IMAGE_PIXELS: [38;5;28mint[39m [38;5;241m|[39m [38;5;28;01mNone[39;00m [38;5;241m=[39m [38;5;28mint[39m([38;5;241m1024[39m [38;5;241m*[39m [38;5;241m1024[39m [38;5;241m*[39m [38;5;241m1024[39m [38;5;241m/[39m[38;5;241m/[39m [38;5;241m4[39m [38;5;241m/[39m[38;5;241m/[39m [38;5;241m3[39m)
[0;32m     91[0m [38;5;28;01mtry[39;00m:
[0;32m     92[0m     [38;5;66;03m# If the _imaging C module is not present, Pillow will not load.[39;00m
[0;32m     93[0m     [38;5;66;03m# Note that other modules should not refer to _imaging directly;[39;00m
[0;32m     94[0m     [38;5;66;03m# import Image and use the Image.core variable instead.[39;00m
[0;32m     95[0m     [38;5;66;03m# Also note that Image.core is not a publicly documented interface,[39;00m
[0;32m     96[0m     [38;5;66;03m# and should be considered private and subject to change.[39;00m
[1;32m---> 97[0m     [38;5;28;01mfrom[39;00m [38;5;21;01m.[39;00m [38;5;28;01mimport[39;00m _imaging [38;5;28;01mas[39;00m core
[0;32m     99[0m     [38;5;28;01mif[39;00m __version__ [38;5;241m!=[39m [38;5;28mgetattr[39m(core, [38;5;124m"[39m[38;5;124mPILLOW_VERSION[39m[38;5;124m"[39m, [38;5;28;01mNone[39;00m):
[0;32m    100[0m         msg [38;5;241m=[39m (
[0;32m    101[0m             [38;5;124m"[39m[38;5;124mThe _imaging extension was built for another version of Pillow or PIL:[39m[38;5;130;01m\n[39;00m[38;5;124m"[39m
[0;32m    102[0m             [38;5;124mf[39m[38;5;124m"[39m[38;5;124mCore version: [39m[38;5;132;01m{[39;00m[38;5;28mgetattr[39m(core,[38;5;250m [39m[38;5;124m'[39m[38;5;124mPILLOW_VERSION[39m[38;5;124m'[39m,[38;5;250m [39m[38;5;28;01mNone[39;00m)[38;5;132;01m}[39;00m[38;5;130;01m\n[39;00m[38;5;124m"[39m
[0;32m    103[0m             [38;5;124mf[39m[38;5;124m"[39m[38;5;124mPillow version: [39m[38;5;132;01m{[39;00m__version__[38;5;132;01m}[39;00m[38;5;124m"[39m
[0;32m    104[0m         )

[1;31mImportError[0m: cannot import name '_imaging' from 'PIL' (C:\Users\knajmajer\AppData\Roaming\Python\Python312\site-packages\PIL\__init__.py)

