Traceback (most recent call last):
  File "C:\Users\knajmajer\AppData\Local\anaconda3\envs\jbook\Lib\site-packages\jupyter_cache\executors\utils.py", line 58, in single_nb_execution
    executenb(
  File "C:\Users\knajmajer\AppData\Local\anaconda3\envs\jbook\Lib\site-packages\nbclient\client.py", line 1305, in execute
    return NotebookClient(nb=nb, resources=resources, km=km, **kwargs).execute()
           ^^^^^^^^^^^^^^^^^^^^^^^^^^^^^^^^^^^^^^^^^^^^^^^^^^^^^^^^^^^^^^^^^^^^^
  File "C:\Users\knajmajer\AppData\Local\anaconda3\envs\jbook\Lib\site-packages\jupyter_core\utils\__init__.py", line 165, in wrapped
    return loop.run_until_complete(inner)
           ^^^^^^^^^^^^^^^^^^^^^^^^^^^^^^
  File "C:\Users\knajmajer\AppData\Local\anaconda3\envs\jbook\Lib\asyncio\base_events.py", line 687, in run_until_complete
    return future.result()
           ^^^^^^^^^^^^^^^
  File "C:\Users\knajmajer\AppData\Local\anaconda3\envs\jbook\Lib\site-packages\nbclient\client.py", line 705, in async_execute
    await self.async_execute_cell(
  File "C:\Users\knajmajer\AppData\Local\anaconda3\envs\jbook\Lib\site-packages\nbclient\client.py", line 1058, in async_execute_cell
    await self._check_raise_for_error(cell, cell_index, exec_reply)
  File "C:\Users\knajmajer\AppData\Local\anaconda3\envs\jbook\Lib\site-packages\nbclient\client.py", line 914, in _check_raise_for_error
    raise CellExecutionError.from_cell_and_msg(cell, exec_reply_content)
nbclient.exceptions.CellExecutionError: An error occurred while executing the following cell:
------------------
sns.relplot(data=df, x='M2', y='EOPU')
------------------


[1;31m---------------------------------------------------------------------------[0m
[1;31mValueError[0m                                Traceback (most recent call last)
Cell [1;32mIn[129], line 1[0m
[1;32m----> 1[0m sns[38;5;241m.[39mrelplot(data[38;5;241m=[39mdf, x[38;5;241m=[39m[38;5;124m'[39m[38;5;124mM2[39m[38;5;124m'[39m, y[38;5;241m=[39m[38;5;124m'[39m[38;5;124mEOPU[39m[38;5;124m'[39m)

File [1;32m~\AppData\Local\anaconda3\envs\jbook\Lib\site-packages\seaborn\relational.py:748[0m, in [0;36mrelplot[1;34m(data, x, y, hue, size, style, units, weights, row, col, col_wrap, row_order, col_order, palette, hue_order, hue_norm, sizes, size_order, size_norm, markers, dashes, style_order, legend, kind, height, aspect, facet_kws, **kwargs)[0m
[0;32m    746[0m         msg [38;5;241m=[39m [38;5;124m"[39m[38;5;124mThe `weights` parameter has no effect with kind=[39m[38;5;124m'[39m[38;5;124mscatter[39m[38;5;124m'[39m[38;5;124m.[39m[38;5;124m"[39m
[0;32m    747[0m         warnings[38;5;241m.[39mwarn(msg, stacklevel[38;5;241m=[39m[38;5;241m2[39m)
[1;32m--> 748[0m p [38;5;241m=[39m Plotter(
[0;32m    749[0m     data[38;5;241m=[39mdata,
[0;32m    750[0m     variables[38;5;241m=[39mvariables,
[0;32m    751[0m     legend[38;5;241m=[39mlegend,
[0;32m    752[0m )
[0;32m    753[0m p[38;5;241m.[39mmap_hue(palette[38;5;241m=[39mpalette, order[38;5;241m=[39mhue_order, norm[38;5;241m=[39mhue_norm)
[0;32m    754[0m p[38;5;241m.[39mmap_size(sizes[38;5;241m=[39msizes, order[38;5;241m=[39msize_order, norm[38;5;241m=[39msize_norm)

File [1;32m~\AppData\Local\anaconda3\envs\jbook\Lib\site-packages\seaborn\relational.py:396[0m, in [0;36m_ScatterPlotter.__init__[1;34m(self, data, variables, legend)[0m
[0;32m    387[0m [38;5;28;01mdef[39;00m [38;5;21m__init__[39m([38;5;28mself[39m, [38;5;241m*[39m, data[38;5;241m=[39m[38;5;28;01mNone[39;00m, variables[38;5;241m=[39m{}, legend[38;5;241m=[39m[38;5;28;01mNone[39;00m):
[0;32m    388[0m 
[0;32m    389[0m     [38;5;66;03m# TODO this is messy, we want the mapping to be agnostic about[39;00m
[0;32m    390[0m     [38;5;66;03m# the kind of plot to draw, but for the time being we need to set[39;00m
[0;32m    391[0m     [38;5;66;03m# this information so the SizeMapping can use it[39;00m
[0;32m    392[0m     [38;5;28mself[39m[38;5;241m.[39m_default_size_range [38;5;241m=[39m (
[0;32m    393[0m         np[38;5;241m.[39mr_[[38;5;241m.5[39m, [38;5;241m2[39m] [38;5;241m*[39m np[38;5;241m.[39msquare(mpl[38;5;241m.[39mrcParams[[38;5;124m"[39m[38;5;124mlines.markersize[39m[38;5;124m"[39m])
[0;32m    394[0m     )
[1;32m--> 396[0m     [38;5;28msuper[39m()[38;5;241m.[39m[38;5;21m__init__[39m(data[38;5;241m=[39mdata, variables[38;5;241m=[39mvariables)
[0;32m    398[0m     [38;5;28mself[39m[38;5;241m.[39mlegend [38;5;241m=[39m legend

File [1;32m~\AppData\Local\anaconda3\envs\jbook\Lib\site-packages\seaborn\_base.py:634[0m, in [0;36mVectorPlotter.__init__[1;34m(self, data, variables)[0m
[0;32m    629[0m [38;5;66;03m# var_ordered is relevant only for categorical axis variables, and may[39;00m
[0;32m    630[0m [38;5;66;03m# be better handled by an internal axis information object that tracks[39;00m
[0;32m    631[0m [38;5;66;03m# such information and is set up by the scale_* methods. The analogous[39;00m
[0;32m    632[0m [38;5;66;03m# information for numeric axes would be information about log scales.[39;00m
[0;32m    633[0m [38;5;28mself[39m[38;5;241m.[39m_var_ordered [38;5;241m=[39m {[38;5;124m"[39m[38;5;124mx[39m[38;5;124m"[39m: [38;5;28;01mFalse[39;00m, [38;5;124m"[39m[38;5;124my[39m[38;5;124m"[39m: [38;5;28;01mFalse[39;00m}  [38;5;66;03m# alt., used DefaultDict[39;00m
[1;32m--> 634[0m [38;5;28mself[39m[38;5;241m.[39massign_variables(data, variables)
[0;32m    636[0m [38;5;66;03m# TODO Lots of tests assume that these are called to initialize the[39;00m
[0;32m    637[0m [38;5;66;03m# mappings to default values on class initialization. I'd prefer to[39;00m
[0;32m    638[0m [38;5;66;03m# move away from that and only have a mapping when explicitly called.[39;00m
[0;32m    639[0m [38;5;28;01mfor[39;00m var [38;5;129;01min[39;00m [[38;5;124m"[39m[38;5;124mhue[39m[38;5;124m"[39m, [38;5;124m"[39m[38;5;124msize[39m[38;5;124m"[39m, [38;5;124m"[39m[38;5;124mstyle[39m[38;5;124m"[39m]:

File [1;32m~\AppData\Local\anaconda3\envs\jbook\Lib\site-packages\seaborn\_base.py:679[0m, in [0;36mVectorPlotter.assign_variables[1;34m(self, data, variables)[0m
[0;32m    674[0m [38;5;28;01melse[39;00m:
[0;32m    675[0m     [38;5;66;03m# When dealing with long-form input, use the newer PlotData[39;00m
[0;32m    676[0m     [38;5;66;03m# object (internal but introduced for the objects interface)[39;00m
[0;32m    677[0m     [38;5;66;03m# to centralize / standardize data consumption logic.[39;00m
[0;32m    678[0m     [38;5;28mself[39m[38;5;241m.[39minput_format [38;5;241m=[39m [38;5;124m"[39m[38;5;124mlong[39m[38;5;124m"[39m
[1;32m--> 679[0m     plot_data [38;5;241m=[39m PlotData(data, variables)
[0;32m    680[0m     frame [38;5;241m=[39m plot_data[38;5;241m.[39mframe
[0;32m    681[0m     names [38;5;241m=[39m plot_data[38;5;241m.[39mnames

File [1;32m~\AppData\Local\anaconda3\envs\jbook\Lib\site-packages\seaborn\_core\data.py:58[0m, in [0;36mPlotData.__init__[1;34m(self, data, variables)[0m
[0;32m     51[0m [38;5;28;01mdef[39;00m [38;5;21m__init__[39m(
[0;32m     52[0m     [38;5;28mself[39m,
[0;32m     53[0m     data: DataSource,
[0;32m     54[0m     variables: [38;5;28mdict[39m[[38;5;28mstr[39m, VariableSpec],
[0;32m     55[0m ):
[0;32m     57[0m     data [38;5;241m=[39m handle_data_source(data)
[1;32m---> 58[0m     frame, names, ids [38;5;241m=[39m [38;5;28mself[39m[38;5;241m.[39m_assign_variables(data, variables)
[0;32m     60[0m     [38;5;28mself[39m[38;5;241m.[39mframe [38;5;241m=[39m frame
[0;32m     61[0m     [38;5;28mself[39m[38;5;241m.[39mnames [38;5;241m=[39m names

File [1;32m~\AppData\Local\anaconda3\envs\jbook\Lib\site-packages\seaborn\_core\data.py:232[0m, in [0;36mPlotData._assign_variables[1;34m(self, data, variables)[0m
[0;32m    230[0m     [38;5;28;01melse[39;00m:
[0;32m    231[0m         err [38;5;241m+[39m[38;5;241m=[39m [38;5;124m"[39m[38;5;124mAn entry with this name does not appear in `data`.[39m[38;5;124m"[39m
[1;32m--> 232[0m     [38;5;28;01mraise[39;00m [38;5;167;01mValueError[39;00m(err)
[0;32m    234[0m [38;5;28;01melse[39;00m:
[0;32m    235[0m 
[0;32m    236[0m     [38;5;66;03m# Otherwise, assume the value somehow represents data[39;00m
[0;32m    237[0m 
[0;32m    238[0m     [38;5;66;03m# Ignore empty data structures[39;00m
[0;32m    239[0m     [38;5;28;01mif[39;00m [38;5;28misinstance[39m(val, Sized) [38;5;129;01mand[39;00m [38;5;28mlen[39m(val) [38;5;241m==[39m [38;5;241m0[39m:

[1;31mValueError[0m: Could not interpret value `M2` for `x`. An entry with this name does not appear in `data`.

