Traceback (most recent call last):
  File "C:\Users\knajmajer\AppData\Local\anaconda3\envs\jbook\Lib\site-packages\jupyter_cache\executors\utils.py", line 58, in single_nb_execution
    executenb(
  File "C:\Users\knajmajer\AppData\Local\anaconda3\envs\jbook\Lib\site-packages\nbclient\client.py", line 1305, in execute
    return NotebookClient(nb=nb, resources=resources, km=km, **kwargs).execute()
           ^^^^^^^^^^^^^^^^^^^^^^^^^^^^^^^^^^^^^^^^^^^^^^^^^^^^^^^^^^^^^^^^^^^^^
  File "C:\Users\knajmajer\AppData\Local\anaconda3\envs\jbook\Lib\site-packages\jupyter_core\utils\__init__.py", line 165, in wrapped
    return loop.run_until_complete(inner)
           ^^^^^^^^^^^^^^^^^^^^^^^^^^^^^^
  File "C:\Users\knajmajer\AppData\Local\anaconda3\envs\jbook\Lib\asyncio\base_events.py", line 687, in run_until_complete
    return future.result()
           ^^^^^^^^^^^^^^^
  File "C:\Users\knajmajer\AppData\Local\anaconda3\envs\jbook\Lib\site-packages\nbclient\client.py", line 705, in async_execute
    await self.async_execute_cell(
  File "C:\Users\knajmajer\AppData\Local\anaconda3\envs\jbook\Lib\site-packages\nbclient\client.py", line 1058, in async_execute_cell
    await self._check_raise_for_error(cell, cell_index, exec_reply)
  File "C:\Users\knajmajer\AppData\Local\anaconda3\envs\jbook\Lib\site-packages\nbclient\client.py", line 914, in _check_raise_for_error
    raise CellExecutionError.from_cell_and_msg(cell, exec_reply_content)
nbclient.exceptions.CellExecutionError: An error occurred while executing the following cell:
------------------
np.random.seed(100)
algorithms = ['WARD', 'AVERAGE']
eval_times = []
shape_X = X_2.shape

# Algorytm Ward
tic = dt.datetime.now()
model_ward = AgglomerativeClustering(n_clusters=3, linkage='ward', affinity='euclidean')
model_ward.fit(X_2)  
eval_times.append(dt.datetime.now() - tic)

y_cluster_ward = model_ward.labels_

# Algorytm Average
tic = dt.datetime.now()
model_avg = AgglomerativeClustering(n_clusters=3, linkage='average', affinity='euclidean')
model_avg.fit(X_2)  
eval_times.append(dt.datetime.now() - tic)

y_cluster_avg = model_avg.labels_

# Wizualizacja
fig, ax = plt.subplots(nrows=1, ncols=2, figsize=(18, 6))

sns.scatterplot(x=X_2[:, 0], y=X_2[:, 1], hue=y_cluster_ward, ax=ax[0])
sns.scatterplot(x=X_2[:, 0], y=X_2[:, 1], hue=y_cluster_avg, ax=ax[1])
ax[0].set_title('Klastrowanie WARD linkage')
ax[1].set_title('Klastrowanie Average linkage')
plt.suptitle('Obserwacje X_1')
plt.xlabel('x')
plt.ylabel('y')
plt.show()

# Cza kalkulacji
print(f'Data frame shape: {shape_X}')
for algorithm, etime  in zip(algorithms, eval_times):
    print(f'[{algorithm}] Duration: {etime}')
------------------


[1;31m---------------------------------------------------------------------------[0m
[1;31mTypeError[0m                                 Traceback (most recent call last)
Cell [1;32mIn[28], line 8[0m
[0;32m      6[0m [38;5;66;03m# Algorytm Ward[39;00m
[0;32m      7[0m tic [38;5;241m=[39m dt[38;5;241m.[39mdatetime[38;5;241m.[39mnow()
[1;32m----> 8[0m model_ward [38;5;241m=[39m AgglomerativeClustering(n_clusters[38;5;241m=[39m[38;5;241m3[39m, linkage[38;5;241m=[39m[38;5;124m'[39m[38;5;124mward[39m[38;5;124m'[39m, affinity[38;5;241m=[39m[38;5;124m'[39m[38;5;124meuclidean[39m[38;5;124m'[39m)
[0;32m      9[0m model_ward[38;5;241m.[39mfit(X_2)  
[0;32m     10[0m eval_times[38;5;241m.[39mappend(dt[38;5;241m.[39mdatetime[38;5;241m.[39mnow() [38;5;241m-[39m tic)

[1;31mTypeError[0m: AgglomerativeClustering.__init__() got an unexpected keyword argument 'affinity'

