Traceback (most recent call last):
  File "C:\Users\knajmajer\AppData\Local\anaconda3\envs\jbook\Lib\site-packages\jupyter_cache\executors\utils.py", line 58, in single_nb_execution
    executenb(
  File "C:\Users\knajmajer\AppData\Local\anaconda3\envs\jbook\Lib\site-packages\nbclient\client.py", line 1305, in execute
    return NotebookClient(nb=nb, resources=resources, km=km, **kwargs).execute()
           ^^^^^^^^^^^^^^^^^^^^^^^^^^^^^^^^^^^^^^^^^^^^^^^^^^^^^^^^^^^^^^^^^^^^^
  File "C:\Users\knajmajer\AppData\Local\anaconda3\envs\jbook\Lib\site-packages\jupyter_core\utils\__init__.py", line 165, in wrapped
    return loop.run_until_complete(inner)
           ^^^^^^^^^^^^^^^^^^^^^^^^^^^^^^
  File "C:\Users\knajmajer\AppData\Local\anaconda3\envs\jbook\Lib\asyncio\base_events.py", line 687, in run_until_complete
    return future.result()
           ^^^^^^^^^^^^^^^
  File "C:\Users\knajmajer\AppData\Local\anaconda3\envs\jbook\Lib\site-packages\nbclient\client.py", line 705, in async_execute
    await self.async_execute_cell(
  File "C:\Users\knajmajer\AppData\Local\anaconda3\envs\jbook\Lib\site-packages\nbclient\client.py", line 1058, in async_execute_cell
    await self._check_raise_for_error(cell, cell_index, exec_reply)
  File "C:\Users\knajmajer\AppData\Local\anaconda3\envs\jbook\Lib\site-packages\nbclient\client.py", line 914, in _check_raise_for_error
    raise CellExecutionError.from_cell_and_msg(cell, exec_reply_content)
nbclient.exceptions.CellExecutionError: An error occurred while executing the following cell:
------------------
import prince

mca = prince.MCA(n_components=1, random_state=42)
mca_result = mca.fit_transform(X_train[['condition', 'brand']])

print(mca_result.head())

------------------


[1;31m---------------------------------------------------------------------------[0m
[1;31mModuleNotFoundError[0m                       Traceback (most recent call last)
Cell [1;32mIn[74], line 1[0m
[1;32m----> 1[0m [38;5;28;01mimport[39;00m [38;5;21;01mprince[39;00m
[0;32m      3[0m mca [38;5;241m=[39m prince[38;5;241m.[39mMCA(n_components[38;5;241m=[39m[38;5;241m1[39m, random_state[38;5;241m=[39m[38;5;241m42[39m)
[0;32m      4[0m mca_result [38;5;241m=[39m mca[38;5;241m.[39mfit_transform(X_train[[[38;5;124m'[39m[38;5;124mcondition[39m[38;5;124m'[39m, [38;5;124m'[39m[38;5;124mbrand[39m[38;5;124m'[39m]])

[1;31mModuleNotFoundError[0m: No module named 'prince'

